{
  "_comment": "This mapping shows the runtime deferred load id for each deferred import in the program. The mappings are grouped by URI containing the import.",
  "mapping": {
    "memory:lib1.dart": {
      "l1": "1"
    },
    "memory:lib2.dart": {
      "l2": "2"
    }
  }
}