{
  "_comment": "This mapping shows the runtime deferred load id for each deferred import in the program. The mappings are grouped by URI containing the import.",
  "mapping": {
    "memory:liba.dart": {
      "libA": "1"
    },
    "memory:libb.dart": {
      "libB": "2"
    },
    "memory:libc.dart": {
      "libC": "3"
    }
  }
}