{
  "_comment": "This mapping shows the runtime deferred load id for each deferred import in the program. The mappings are grouped by URI containing the import.",
  "mapping": {
    "memory:liba.dart": {
      "liba": "1"
    },
    "memory:libb.dart": {
      "libb": "2"
    }
  }
}