{
  "_comment": "This mapping shows the runtime deferred load id for each deferred import in the program. The mappings are grouped by URI containing the import.",
  "mapping": {
    "memory:lib_000_01.dart": {
      "b1": "b1"
    },
    "memory:lib_000_10.dart": {
      "b2": "b2"
    },
    "memory:lib_001_00.dart": {
      "b3": "b3"
    },
    "memory:lib_010_00.dart": {
      "b4": "b4"
    },
    "memory:lib_100_00.dart": {
      "b5": "b5"
    }
  }
}