{
  "_comment": "This mapping shows the runtime deferred load id for each deferred import in the program. The mappings are grouped by URI containing the import.",
  "mapping": {
    "memory:shared.dart": {
      "s1": "s1",
      "s2": "s2"
    }
  }
}